// Jest Snapshot v1, https://goo.gl/fbAQLP

exports[`<PrivateRoute/> Should render correctly 1`] = `"Test"`;
