// Jest Snapshot v1, https://goo.gl/fbAQLP

exports[`<MoviePoster/> should render correctly 1`] = `
<div>
  <img
    alt="alt"
    height="327"
    src="src"
    width="218"
  />
</div>
`;
