// Jest Snapshot v1, https://goo.gl/fbAQLP

exports[`<MovieReviews/> should render correctly 1`] = `
<div
  className="movie-card__reviews movie-card__row"
>
  <div
    className="movie-card__reviews-col"
  >
    <div
      className="review"
    >
      <blockquote
        className="review__quote"
      >
        <p
          className="review__text"
        >
          Hello world!
        </p>
        <footer
          className="review__details"
        >
          <cite
            className="review__author"
          >
            Kate Muir
          </cite>
          <time
            className="review__date"
            dateTime="March 13, 2014 03:20:21"
          >
            March 13, 2014
          </time>
        </footer>
      </blockquote>
      <div
        className="review__rating"
      >
        10.0
      </div>
    </div>
  </div>
</div>
`;
