// Jest Snapshot v1, https://goo.gl/fbAQLP

exports[`<MovieReviews/> Should render correctly 1`] = `
<div
  className="movie-card__reviews movie-card__row"
>
  <div
    className="movie-card__reviews-col"
  >
    <div
      className="review"
    >
      <blockquote
        className="review__quote"
      >
        <p
          className="review__text"
        >
          It was really awesome!
        </p>
        <footer
          className="review__details"
        >
          <cite
            className="review__author"
          >
            Johnny
          </cite>
          <time
            className="review__date"
            dateTime="2020-03-24T08:26:50.139Z"
          >
            March 24, 2020
          </time>
        </footer>
      </blockquote>
      <div
        className="review__rating"
      >
        10.0
      </div>
    </div>
  </div>
</div>
`;
