// Jest Snapshot v1, https://goo.gl/fbAQLP

exports[`<Notification/> Should render correctly 1`] = `
<div
  style={
    Object {
      "backgroundColor": "whitesmoke",
      "bottom": "0",
      "display": "flex",
      "flexDirection": "column",
      "height": "100px",
      "justifyContent": "center",
      "left": "0",
      "padding": "25px 20px",
      "position": "fixed",
      "width": "100%",
      "zIndex": "1000",
    }
  }
>
  <header>
    <b>
      Test
    </b>
  </header>
  <div>
    Testing message.
  </div>
</div>
`;
