// Jest Snapshot v1, https://goo.gl/fbAQLP

exports[`<Header/> should render correctly 1`] = `
<header
  className="page-header movie-card__head"
>
  <div
    className="logo"
  >
    <a
      className="logo__link "
      href={null}
      onClick={null}
    >
      <span
        className="logo__letter logo__letter--1"
      >
        W
      </span>
      <span
        className="logo__letter logo__letter--2"
      >
        T
      </span>
      <span
        className="logo__letter logo__letter--3"
      >
        W
      </span>
    </a>
  </div>
  <div
    className="user-block"
  >
    <div
      className="user-block__avatar"
    >
      <img
        alt="John Doe"
        height="63"
        src=""
        width="63"
      />
    </div>
  </div>
</header>
`;
