// Jest Snapshot v1, https://goo.gl/fbAQLP

exports[`<Header/> Should render correctly 1`] = `
<header>
  <div
    className="logo"
  >
    <a
      className="logo__link "
      href={null}
      onClick={null}
    >
      <span
        className="logo__letter logo__letter--1"
      >
        W
      </span>
      <span
        className="logo__letter logo__letter--2"
      >
        T
      </span>
      <span
        className="logo__letter logo__letter--3"
      >
        W
      </span>
    </a>
  </div>
  <div
    className="user-block"
  >
    <div
      className="user-block__avatar"
    >
      <a
        href="/mylist"
        onClick={[Function]}
      >
        <img
          alt="Johnny"
          height="63"
          src="https://htmlacademy-react-3.appspot.com/wtw/static/avatar/4.jpg"
          width="63"
        />
      </a>
    </div>
  </div>
</header>
`;
