// Jest Snapshot v1, https://goo.gl/fbAQLP

exports[`<AppContainer/> Should render correctly 1`] = `null`;
