// Jest Snapshot v1, https://goo.gl/fbAQLP

exports[`<MoviePage/> Should render correctly 1`] = `
Array [
  <section
    className="movie-card movie-card--full"
  >
    <div
      className="movie-card__hero"
    >
      <div
        className="movie-card__bg"
        style={
          Object {
            "backgroundColor": "#AD9F8B",
          }
        }
      >
        <img
          alt="Dardjeeling Limited"
          src="https://htmlacademy-react-3.appspot.com/wtw/static/film/background/Dardjeeling_Limited.jpg"
        />
      </div>
      <h1
        className="visually-hidden"
      >
        WTW
      </h1>
      <header
        className="page-header movie-card__head"
      >
        <div
          className="logo"
        >
          <a
            className="logo__link "
            href={null}
            onClick={null}
          >
            <span
              className="logo__letter logo__letter--1"
            >
              W
            </span>
            <span
              className="logo__letter logo__letter--2"
            >
              T
            </span>
            <span
              className="logo__letter logo__letter--3"
            >
              W
            </span>
          </a>
        </div>
        <div
          className="user-block"
        >
          <a
            className="user-block__link"
            href="/login"
            onClick={[Function]}
          >
            Sign in
          </a>
        </div>
      </header>
      <div
        className="movie-card__wrap"
      >
        <div
          className="movie-card__desc"
        >
          <h2
            className="movie-card__title"
          >
            Dardjeeling Limited
          </h2>
          <p
            className="movie-card__meta"
          >
            <span
              className="movie-card__genre"
            >
              Adventure
            </span>
            <span
              className="movie-card__year"
            >
              January 01, 2007
            </span>
          </p>
          <div
            className="movie-card__buttons"
          >
            <a
              className="btn btn--play movie-card__button"
              href="/films/1/player"
              onClick={[Function]}
            >
              <svg
                height="19"
                viewBox="0 0 19 19"
                width="19"
              >
                <use
                  xlinkHref="#play-s"
                />
              </svg>
              <span>
                Play
              </span>
            </a>
            <button
              className="btn btn--list movie-card__button"
              onClick={[Function]}
              type="button"
            >
              <svg
                height="20"
                viewBox="0 0 19 20"
                width="19"
              >
                <use
                  xlinkHref="#add"
                />
              </svg>
              <span>
                My list
              </span>
            </button>
          </div>
        </div>
      </div>
    </div>
    <div
      className="movie-card__wrap movie-card__translate-top"
    >
      <div
        className="movie-card__info"
      >
        <div
          className="movie-card__poster movie-card__poster--big"
        >
          <img
            alt="Dardjeeling Limited"
            height="327"
            src="https://htmlacademy-react-3.appspot.com/wtw/static/film/poster/Dardjeeling_Limited.jpg"
            width="218"
          />
        </div>
        <div
          className="movie-card__desc"
        >
          <nav
            className="movie-nav movie-card__nav"
          >
            <ul
              className="movie-nav__list"
            >
              <li
                className="movie-nav__item "
              >
                <a
                  className="movie-nav__link"
                  href="/films/1"
                  onClick={[Function]}
                  style={
                    Object {
                      "pointerEvents": "",
                      "userSelect": "none",
                    }
                  }
                >
                  Overview
                </a>
              </li>
              <li
                className="movie-nav__item "
              >
                <a
                  className="movie-nav__link"
                  href="/films/1/details"
                  onClick={[Function]}
                  style={
                    Object {
                      "pointerEvents": "",
                      "userSelect": "none",
                    }
                  }
                >
                  Details
                </a>
              </li>
              <li
                className="movie-nav__item "
              >
                <a
                  className="movie-nav__link"
                  href="/films/1/reviews"
                  onClick={[Function]}
                  style={
                    Object {
                      "pointerEvents": "",
                      "userSelect": "none",
                    }
                  }
                >
                  Reviews
                </a>
              </li>
            </ul>
          </nav>
          <div
            className="movie-rating"
          >
            <div
              className="movie-rating__score"
            >
              3.6
            </div>
            <p
              className="movie-rating__meta"
            >
              <span
                className="movie-rating__level"
              >
                Awesome
              </span>
              <span
                className="movie-rating__count"
              >
                165106 ratings
              </span>
            </p>
          </div>
          <div
            className="movie-card__text"
          >
            <p>
              A year after their father\`s funeral, three brothers travel across India by train in an attempt to bond with each other.
            </p>
            <p
              className="movie-card__director"
            >
              <b>
                Director
                : 
                Wes Anderson
              </b>
            </p>
            <p
              className="movie-card__starring"
            >
              <b>
                Starring: 
                Adrien Brody
              </b>
            </p>
          </div>
        </div>
      </div>
    </div>
  </section>,
  <div
    className="page-content"
  >
    <footer
      className="page-footer"
    >
      <div
        className="logo"
      >
        <a
          className="logo__link logo__link--light"
          href={null}
          onClick={null}
        >
          <span
            className="logo__letter logo__letter--1"
          >
            W
          </span>
          <span
            className="logo__letter logo__letter--2"
          >
            T
          </span>
          <span
            className="logo__letter logo__letter--3"
          >
            W
          </span>
        </a>
      </div>
      <div
        className="copyright"
      >
        <p>
          Â© 2019 What to watch Ltd.
        </p>
      </div>
    </footer>
  </div>,
]
`;
