// Jest Snapshot v1, https://goo.gl/fbAQLP

exports[`<WatchPage/> should render correctly 1`] = `
<div
  className="player"
  style={
    Object {
      "backgroundColor": "black",
      "userSelect": "none",
    }
  }
>
  <object
    height="100%"
    name="video"
    style={
      Object {
        "display": "flex",
      }
    }
    width="100%"
  >
    <video
      height="100%"
      name="Hello World"
      onCanPlayThrough={[Function]}
      onClick={[Function]}
      onContextMenu={[Function]}
      onDoubleClick={[Function]}
      onDurationChange={[Function]}
      onEnded={[Function]}
      onLoadedMetadata={[Function]}
      onMouseMove={[Function]}
      onPause={[Function]}
      onPlay={[Function]}
      onPlaying={[Function]}
      onTimeUpdate={[Function]}
      onWaiting={[Function]}
      poster=""
      src=""
      style={
        Object {
          "objectFit": "cover",
        }
      }
      width="100%"
    />
    <button
      className="player__exit"
      onClick={[Function]}
      style={
        Object {
          "textDecoration": "none",
        }
      }
      type="button"
    >
      Exit
    </button>
    <div
      className="player__controls"
      style={
        Object {
          "backgroundImage": "linear-gradient(transparent, black)",
          "zIndex": "999",
        }
      }
    >
      <div
        className="player__controls-row"
      >
        <svg
          height="19"
          viewBox="0 0 19 19"
          width="19"
        >
          <title>
            Loading...
          </title>
          <use
            xlinkHref="#activity-indicator"
          />
        </svg>
        <div
          className="player__name"
        >
          Hello World
        </div>
      </div>
    </div>
  </object>
</div>
`;
