// Jest Snapshot v1, https://goo.gl/fbAQLP

exports[`<User/> Should render correctly 1`] = `
<div
  className="user-block"
>
  <a
    className="user-block__link"
    href="/sign-in"
    onClick={[Function]}
  >
    Sign in
  </a>
</div>
`;
