// Jest Snapshot v1, https://goo.gl/fbAQLP

exports[`<WatchPageControls/> Should render correctly 1`] = `
Array [
  <button
    className="player__exit"
    onClick={[Function]}
    style={
      Object {
        "textDecoration": "none",
      }
    }
    type="button"
  >
    Exit
  </button>,
  <div
    className="player__controls"
    style={
      Object {
        "backgroundImage": "linear-gradient(transparent, black)",
        "zIndex": "999",
      }
    }
  >
    <div
      className="player__controls-row"
    >
      <div
        className="player__time"
      >
        <progress
          className="player__progress"
          max={100}
          onClick={[Function]}
          onMouseOver={[Function]}
          style={
            Object {
              "cursor": "pointer",
            }
          }
          value={1}
        />
        <div
          className="player__toggler"
          onMouseDown={[Function]}
          style={
            Object {
              "left": "1%",
            }
          }
        >
          Toggler
        </div>
      </div>
      <div
        className="player__time-value"
      >
        00:01:39
      </div>
    </div>
    <div
      className="player__controls-row"
    >
      <button
        className="player__play"
        onClick={[Function]}
        title="Pause"
        type="button"
      >
        <svg
          height="19"
          viewBox="0 0 19 19"
          width="19"
        >
          <use
            xlinkHref="#pause"
          />
        </svg>
        <span>
          Pause
        </span>
      </button>
      <div
        className="player__name"
      >
        Test
      </div>
      <button
        className="player__full-screen"
        onClick={[Function]}
        title="Fullscreen"
        type="button"
      >
        <svg
          height="27"
          viewBox="0 0 27 27"
          width="27"
        >
          <use
            xlinkHref="#full-screen"
          />
        </svg>
        <span>
          Full screen
        </span>
      </button>
    </div>
  </div>,
]
`;
