// Jest Snapshot v1, https://goo.gl/fbAQLP

exports[`<Main/> Should render correctly 1`] = `
Array [
  <div
    className="movie-card__bg"
  />,
  <h1
    className="visually-hidden"
  >
    WTW
  </h1>,
  <header>
    <div
      className="logo"
    >
      <a
        className="logo__link "
        href={null}
        onClick={null}
      >
        <span
          className="logo__letter logo__letter--1"
        >
          W
        </span>
        <span
          className="logo__letter logo__letter--2"
        >
          T
        </span>
        <span
          className="logo__letter logo__letter--3"
        >
          W
        </span>
      </a>
    </div>
    <div
      className="user-block"
    >
      <a
        className="user-block__link"
        href="/sign-in"
        onClick={[Function]}
      >
        Sign in
      </a>
    </div>
  </header>,
  <div
    className="page-content"
  >
    <section
      className="catalog"
    >
      <h2
        className="visually-hidden"
      >
        Catalog
      </h2>
      <div
        className="catalog__movie-list"
      >
        <article
          className="small-movie-card catalog__movie-card"
          onClick={[Function]}
          onMouseEnter={[Function]}
          onMouseLeave={[Function]}
        >
          <a
            className="small-movie-card__image"
            href="/films/1"
            onClick={[Function]}
          >
            <img
              alt="Shutter Island"
              height="175"
              src="https://htmlacademy-react-3.appspot.com/wtw/static/film/preview/shutter-island.jpg"
              width="280"
            />
          </a>
          <h3
            className="small-movie-card__title"
          >
            <span
              className="small-movie-card__link"
            >
              Shutter Island
            </span>
          </h3>
        </article>
        <article
          className="small-movie-card catalog__movie-card"
          onClick={[Function]}
          onMouseEnter={[Function]}
          onMouseLeave={[Function]}
        >
          <a
            className="small-movie-card__image"
            href="/films/2"
            onClick={[Function]}
          >
            <img
              alt="War of the Worlds"
              height="175"
              src="https://htmlacademy-react-3.appspot.com/wtw/static/film/preview/war-of-the-worlds.jpg"
              width="280"
            />
          </a>
          <h3
            className="small-movie-card__title"
          >
            <span
              className="small-movie-card__link"
            >
              War of the Worlds
            </span>
          </h3>
        </article>
      </div>
    </section>
    <footer
      className="page-footer"
    >
      <div
        className="logo"
      >
        <a
          className="logo__link logo__link--light"
          href={null}
          onClick={null}
        >
          <span
            className="logo__letter logo__letter--1"
          >
            W
          </span>
          <span
            className="logo__letter logo__letter--2"
          >
            T
          </span>
          <span
            className="logo__letter logo__letter--3"
          >
            W
          </span>
        </a>
      </div>
      <div
        className="copyright"
      >
        <p>
          Â© 2019 What to watch Ltd.
        </p>
      </div>
    </footer>
  </div>,
]
`;
