// Jest Snapshot v1, https://goo.gl/fbAQLP

exports[`<App/> should be rendered correctly 1`] = `
Array [
  <div
    className="movie-card__bg"
  />,
  <h1
    className="visually-hidden"
  >
    WTW
  </h1>,
  <header>
    <div
      className="logo"
    >
      <a
        className="logo__link "
        href={null}
        onClick={null}
      >
        <span
          className="logo__letter logo__letter--1"
        >
          W
        </span>
        <span
          className="logo__letter logo__letter--2"
        >
          T
        </span>
        <span
          className="logo__letter logo__letter--3"
        >
          W
        </span>
      </a>
    </div>
    <div
      className="user-block"
    >
      <a
        className="user-block__link"
        href="/sign-in"
        onClick={[Function]}
      >
        Sign in
      </a>
    </div>
  </header>,
  <div
    className="page-content"
  >
    <section
      className="catalog"
    >
      <h2
        className="visually-hidden"
      >
        Catalog
      </h2>
      <ul
        className="catalog__genres-list"
      >
        <li
          className="catalog__genres-item catalog__genres-item--active"
        >
          <button
            className="catalog__genres-link"
            disabled={true}
            onClick={null}
            style={
              Object {
                "background": "transparent",
                "border": "none",
                "cursor": "",
                "paddingLeft": "0",
                "paddingRight": "0",
                "userSelect": "none",
              }
            }
            type="button"
          >
            All genres
          </button>
        </li>
      </ul>
      Sorry, there is no movies.
    </section>
    <footer
      className="page-footer"
    >
      <div
        className="logo"
      >
        <a
          className="logo__link logo__link--light"
          href={null}
          onClick={null}
        >
          <span
            className="logo__letter logo__letter--1"
          >
            W
          </span>
          <span
            className="logo__letter logo__letter--2"
          >
            T
          </span>
          <span
            className="logo__letter logo__letter--3"
          >
            W
          </span>
        </a>
      </div>
      <div
        className="copyright"
      >
        <p>
          Â© 2019 What to watch Ltd.
        </p>
      </div>
    </footer>
  </div>,
]
`;
