// Jest Snapshot v1, https://goo.gl/fbAQLP

exports[`<Icon/> Should render correctly 1`] = `
<svg
  height="20"
  viewBox="0 0 20 20"
  width="20"
>
  <use
    xlinkHref="#play-s"
  />
</svg>
`;
