// Jest Snapshot v1, https://goo.gl/fbAQLP

exports[`<Review/> should render correctly 1`] = `
<div
  className="review"
>
  <blockquote
    className="review__quote"
  >
    <p
      className="review__text"
    >
      DO! IT!
    </p>
    <footer
      className="review__details"
    >
      <cite
        className="review__author"
      >
        Amanda Greever
      </cite>
      <time
        className="review__date"
        dateTime="November 18, 2020 03:24:00"
      >
        November 18, 2020
      </time>
    </footer>
  </blockquote>
  <div
    className="review__rating"
  >
    5.0
  </div>
</div>
`;
