// Jest Snapshot v1, https://goo.gl/fbAQLP

exports[`<MovieCard/> should render correctly 1`] = `
<a
  className="small-movie-card catalog__movie-card"
  href="/films/1"
  onClick={[Function]}
  onMouseOver={[Function]}
>
  <div
    className="small-movie-card__image"
  >
    <img
      alt="Fantastic Beasts: The Crimes of Grindelwald"
      height="175"
      src="img/fantastic-beasts-the-crimes-of-grindelwald.jpg"
      width="280"
    />
  </div>
  <h3
    className="small-movie-card__title"
  >
    <span
      className="small-movie-card__link"
    >
      Fantastic Beasts: The Crimes of Grindelwald
    </span>
  </h3>
</a>
`;
